---
http_interactions:
- request:
    method: post
    uri: http://elastic.search//train_data/_search
    body:
      encoding: UTF-8
      string: '{"query":{"filtered":{"filter":{"bool":{"must":[{"range":{"timeStamp":{"gte":1441101600000,"lte":1441105200000}}}]}}}},"size":0,"aggregations":{"langs":{"terms":{"field":"memoryAddress"}}}}'
    headers: {}
  response:
    status:
      code: 200
      message: OK
    headers:
      Content-Type:
      - application/json; charset=UTF-8
      - application/json; charset=UTF-8
      Date:
      - Tue, 10 Nov 2015 15:54:06 GMT
      - Tue, 10 Nov 2015 15:54:06 GMT
      Server:
      - fp/f6bd83
      - fp/f6bd83
      Www-Authenticate:
      - Basic realm=shield
      X-Found-Handling-Cluster:
      - 1c3896668c131013e40bf29fbe4b3148
      - 1c3896668c131013e40bf29fbe4b3148
      X-Found-Handling-Instance:
      - instance-0000000000
      - instance-0000000000
      X-Found-Handling-Server:
      - 10.92.139.117
      - 10.92.139.117
      Content-Length:
      - '345'
      - '587'
      Connection:
      - keep-alive
      - keep-alive
    body:
      encoding: ASCII-8BIT
      string: '{"took":6,"timed_out":false,"_shards":{"total":1,"successful":1,"failed":0},"hits":{"total":97846,"max_score":0.0,"hits":[]},"aggregations":{"langs":{"doc_count_error_upper_bound":0,"sum_other_doc_count":22175,"buckets":[{"key":"2E4414CW","doc_count":15699},{"key":"2E4414AW","doc_count":14968},{"key":"2E4540CW","doc_count":10131},{"key":"2E491EEW","doc_count":9766},{"key":"2E49E16W","doc_count":8461},{"key":"2E450D8W","doc_count":4056},{"key":"2E450D6W","doc_count":3724},{"key":"2E450CAW","doc_count":3556},{"key":"2E464BAW","doc_count":2666},{"key":"2E464BCW","doc_count":2644}]}}}'
    http_version: 
  recorded_at: Tue, 10 Nov 2015 15:54:06 GMT
- request:
    method: post
    uri: http://elastic.search//train_data/_search
    body:
      encoding: UTF-8
      string: '{"query":{"filtered":{"query":{"query_string":{"query":"memoryAddress:2E4414CW"}},"filter":{"bool":{"must":[{"range":{"timeStamp":{"gte":1441101600000,"lte":1441105200000}}}]}}}},"size":1}'
    headers: {}
  response:
    status:
      code: 200
      message: OK
    headers:
      Content-Type:
      - application/json; charset=UTF-8
      - application/json; charset=UTF-8
      Date:
      - Tue, 10 Nov 2015 15:54:06 GMT
      - Tue, 10 Nov 2015 15:54:06 GMT
      Server:
      - fp/25c4c
      - fp/f6bd83
      Www-Authenticate:
      - Basic realm=shield
      X-Found-Handling-Cluster:
      - 1c3896668c131013e40bf29fbe4b3148
      - 1c3896668c131013e40bf29fbe4b3148
      X-Found-Handling-Instance:
      - instance-0000000000
      - instance-0000000000
      X-Found-Handling-Server:
      - 10.92.139.117
      - 10.92.139.117
      Content-Length:
      - '345'
      - '470'
      Connection:
      - keep-alive
      - keep-alive
    body:
      encoding: ASCII-8BIT
      string: '{"took":5,"timed_out":false,"_shards":{"total":1,"successful":1,"failed":0},"hits":{"total":15699,"max_score":2.6677842,"hits":[{"_index":"train_data","_type":"train_sample","_id":"03042E4414CW-178797618825","_score":2.6677842,"_source":{"id":"03042E4414CW-178797618825","trainNumber":0,"signalName":"@.MWT.CT_CI_T2_1.UCOD4_I_MLC20.CI_COP_XI_Ln","memoryAddress":"2E4414CW","bits":16,"value":431,"timeStamp":"2015-09-01T10:00:18.825Z","vcuNumber":304,"runLengthMs":0}}]}}'
    http_version: 
  recorded_at: Tue, 10 Nov 2015 15:54:06 GMT
- request:
    method: post
    uri: http://elastic.search//train_data/_search
    body:
      encoding: UTF-8
      string: '{"query":{"filtered":{"query":{"query_string":{"query":"memoryAddress:2E4414AW"}},"filter":{"bool":{"must":[{"range":{"timeStamp":{"gte":1441101600000,"lte":1441105200000}}}]}}}},"size":1}'
    headers: {}
  response:
    status:
      code: 200
      message: OK
    headers:
      Content-Type:
      - application/json; charset=UTF-8
      - application/json; charset=UTF-8
      Date:
      - Tue, 10 Nov 2015 15:54:06 GMT
      - Tue, 10 Nov 2015 15:54:06 GMT
      Server:
      - fp/25c4c
      - fp/25c4c
      Www-Authenticate:
      - Basic realm=shield
      X-Found-Handling-Cluster:
      - 1c3896668c131013e40bf29fbe4b3148
      - 1c3896668c131013e40bf29fbe4b3148
      X-Found-Handling-Instance:
      - instance-0000000000
      - instance-0000000000
      X-Found-Handling-Server:
      - 10.92.139.117
      - 10.92.139.117
      Content-Length:
      - '345'
      - '469'
      Connection:
      - keep-alive
      - keep-alive
    body:
      encoding: ASCII-8BIT
      string: '{"took":5,"timed_out":false,"_shards":{"total":1,"successful":1,"failed":0},"hits":{"total":14968,"max_score":2.750389,"hits":[{"_index":"train_data","_type":"train_sample","_id":"03042E4414AW-178798088859","_score":2.750389,"_source":{"id":"03042E4414AW-178798088859","trainNumber":0,"signalName":"@.MWT.CT_CI_T2_1.UCOD4_I_MLC20.CI_COP_XU_Ln","memoryAddress":"2E4414AW","bits":16,"value":6649,"timeStamp":"2015-09-01T10:08:08.859Z","vcuNumber":304,"runLengthMs":0}}]}}'
    http_version: 
  recorded_at: Tue, 10 Nov 2015 15:54:06 GMT
- request:
    method: post
    uri: http://elastic.search//train_data/_search
    body:
      encoding: UTF-8
      string: '{"query":{"filtered":{"query":{"query_string":{"query":"memoryAddress:2E4540CW"}},"filter":{"bool":{"must":[{"range":{"timeStamp":{"gte":1441101600000,"lte":1441105200000}}}]}}}},"size":1}'
    headers: {}
  response:
    status:
      code: 200
      message: OK
    headers:
      Content-Type:
      - application/json; charset=UTF-8
      - application/json; charset=UTF-8
      Date:
      - Tue, 10 Nov 2015 15:54:07 GMT
      - Tue, 10 Nov 2015 15:54:07 GMT
      Server:
      - fp/25c4c
      - fp/f6bd83
      Www-Authenticate:
      - Basic realm=shield
      X-Found-Handling-Cluster:
      - 1c3896668c131013e40bf29fbe4b3148
      - 1c3896668c131013e40bf29fbe4b3148
      X-Found-Handling-Instance:
      - instance-0000000000
      - instance-0000000000
      X-Found-Handling-Server:
      - 10.92.139.117
      - 10.92.139.117
      Content-Length:
      - '345'
      - '468'
      Connection:
      - keep-alive
      - keep-alive
    body:
      encoding: ASCII-8BIT
      string: '{"took":4,"timed_out":false,"_shards":{"total":1,"successful":1,"failed":0},"hits":{"total":10131,"max_score":3.4679368,"hits":[{"_index":"train_data","_type":"train_sample","_id":"03042E4540CW-178797617709","_score":3.4679368,"_source":{"id":"03042E4540CW-178797617709","trainNumber":0,"signalName":"@.MWT.P_T2_1.TOF_5.PII_DCUM1_XF_TrBrAch","memoryAddress":"2E4540CW","bits":16,"value":-13,"timeStamp":"2015-09-01T10:00:17.709Z","vcuNumber":304,"runLengthMs":100}}]}}'
    http_version: 
  recorded_at: Tue, 10 Nov 2015 15:54:07 GMT
- request:
    method: post
    uri: http://elastic.search//train_data/_search
    body:
      encoding: UTF-8
      string: '{"query":{"filtered":{"query":{"query_string":{"query":"memoryAddress:2E491EEW"}},"filter":{"bool":{"must":[{"range":{"timeStamp":{"gte":1441101600000,"lte":1441105200000}}}]}}}},"size":1}'
    headers: {}
  response:
    status:
      code: 200
      message: OK
    headers:
      Content-Type:
      - application/json; charset=UTF-8
      - application/json; charset=UTF-8
      Date:
      - Tue, 10 Nov 2015 15:54:07 GMT
      - Tue, 10 Nov 2015 15:54:07 GMT
      Server:
      - fp/25c4c
      - fp/25c4c
      Www-Authenticate:
      - Basic realm=shield
      X-Found-Handling-Cluster:
      - 1c3896668c131013e40bf29fbe4b3148
      - 1c3896668c131013e40bf29fbe4b3148
      X-Found-Handling-Instance:
      - instance-0000000000
      - instance-0000000000
      X-Found-Handling-Server:
      - 10.92.139.117
      - 10.92.139.117
      Content-Length:
      - '345'
      - '469'
      Connection:
      - keep-alive
      - keep-alive
    body:
      encoding: ASCII-8BIT
      string: '{"took":3,"timed_out":false,"_shards":{"total":1,"successful":1,"failed":0},"hits":{"total":9766,"max_score":3.5170784,"hits":[{"_index":"train_data","_type":"train_sample","_id":"03042E491EEW-178797649093","_score":3.5170784,"_source":{"id":"03042E491EEW-178797649093","trainNumber":0,"signalName":"@.MWT.M_T3_1.MRV_TrnSpd_1.TON_4.MRV_Xv_Trn","memoryAddress":"2E491EEW","bits":16,"value":7399,"timeStamp":"2015-09-01T10:00:49.093Z","vcuNumber":304,"runLengthMs":0}}]}}'
    http_version: 
  recorded_at: Tue, 10 Nov 2015 15:54:07 GMT
- request:
    method: post
    uri: http://elastic.search//train_data/_search
    body:
      encoding: UTF-8
      string: '{"query":{"filtered":{"query":{"query_string":{"query":"memoryAddress:2E49E16W"}},"filter":{"bool":{"must":[{"range":{"timeStamp":{"gte":1441101600000,"lte":1441105200000}}}]}}}},"size":1}'
    headers: {}
  response:
    status:
      code: 200
      message: OK
    headers:
      Content-Type:
      - application/json; charset=UTF-8
      - application/json; charset=UTF-8
      Date:
      - Tue, 10 Nov 2015 15:54:07 GMT
      - Tue, 10 Nov 2015 15:54:07 GMT
      Server:
      - fp/25c4c
      - fp/25c4c
      Www-Authenticate:
      - Basic realm=shield
      X-Found-Handling-Cluster:
      - 1c3896668c131013e40bf29fbe4b3148
      - 1c3896668c131013e40bf29fbe4b3148
      X-Found-Handling-Instance:
      - instance-0000000000
      - instance-0000000000
      X-Found-Handling-Server:
      - 10.92.139.117
      - 10.92.139.117
      Content-Length:
      - '345'
      - '483'
      Connection:
      - keep-alive
      - keep-alive
    body:
      encoding: ASCII-8BIT
      string: '{"took":3,"timed_out":false,"_shards":{"total":1,"successful":1,"failed":0},"hits":{"total":8461,"max_score":3.6805685,"hits":[{"_index":"train_data","_type":"train_sample","_id":"03042E49E16W-178797767625","_score":3.6805685,"_source":{"id":"03042E49E16W-178797767625","trainNumber":0,"signalName":"@.MWT.P_T3_1.PSV_ShoeLoss_1.WITHIN_4.PII_DCUM1_XF_BrAvl","memoryAddress":"2E49E16W","bits":16,"value":-4842,"timeStamp":"2015-09-01T10:02:47.625Z","vcuNumber":304,"runLengthMs":0}}]}}'
    http_version: 
  recorded_at: Tue, 10 Nov 2015 15:54:07 GMT
- request:
    method: post
    uri: http://elastic.search//train_data/_search
    body:
      encoding: UTF-8
      string: '{"query":{"filtered":{"query":{"query_string":{"query":"memoryAddress:2E450D8W"}},"filter":{"bool":{"must":[{"range":{"timeStamp":{"gte":1441101600000,"lte":1441105200000}}}]}}}},"size":1}'
    headers: {}
  response:
    status:
      code: 200
      message: OK
    headers:
      Content-Type:
      - application/json; charset=UTF-8
      - application/json; charset=UTF-8
      Date:
      - Tue, 10 Nov 2015 15:54:07 GMT
      - Tue, 10 Nov 2015 15:54:07 GMT
      Server:
      - fp/25c4c
      - fp/25c4c
      Www-Authenticate:
      - Basic realm=shield
      X-Found-Handling-Cluster:
      - 1c3896668c131013e40bf29fbe4b3148
      - 1c3896668c131013e40bf29fbe4b3148
      X-Found-Handling-Instance:
      - instance-0000000000
      - instance-0000000000
      X-Found-Handling-Server:
      - 10.92.139.117
      - 10.92.139.117
      Content-Length:
      - '345'
      - '458'
      Connection:
      - keep-alive
      - keep-alive
    body:
      encoding: ASCII-8BIT
      string: '{"took":3,"timed_out":false,"_shards":{"total":1,"successful":1,"failed":0},"hits":{"total":4056,"max_score":4.142444,"hits":[{"_index":"train_data","_type":"train_sample","_id":"03042E450D8W-178797617709","_score":4.142444,"_source":{"id":"03042E450D8W-178797617709","trainNumber":0,"signalName":"@.MWT.M_T2_1.TOF_1.MRV_W_PwmRef2","memoryAddress":"2E450D8W","bits":16,"value":10068,"timeStamp":"2015-09-01T10:00:17.709Z","vcuNumber":304,"runLengthMs":0}}]}}'
    http_version: 
  recorded_at: Tue, 10 Nov 2015 15:54:07 GMT
- request:
    method: post
    uri: http://elastic.search//train_data/_search
    body:
      encoding: UTF-8
      string: '{"query":{"filtered":{"query":{"query_string":{"query":"memoryAddress:2E450D6W"}},"filter":{"bool":{"must":[{"range":{"timeStamp":{"gte":1441101600000,"lte":1441105200000}}}]}}}},"size":1}'
    headers: {}
  response:
    status:
      code: 200
      message: OK
    headers:
      Content-Type:
      - application/json; charset=UTF-8
      - application/json; charset=UTF-8
      Date:
      - Tue, 10 Nov 2015 15:54:07 GMT
      - Tue, 10 Nov 2015 15:54:07 GMT
      Server:
      - fp/25c4c
      - fp/25c4c
      Www-Authenticate:
      - Basic realm=shield
      X-Found-Handling-Cluster:
      - 1c3896668c131013e40bf29fbe4b3148
      - 1c3896668c131013e40bf29fbe4b3148
      X-Found-Handling-Instance:
      - instance-0000000000
      - instance-0000000000
      X-Found-Handling-Server:
      - 10.92.139.117
      - 10.92.139.117
      Content-Length:
      - '345'
      - '457'
      Connection:
      - keep-alive
      - keep-alive
    body:
      encoding: ASCII-8BIT
      string: '{"took":2,"timed_out":false,"_shards":{"total":1,"successful":1,"failed":0},"hits":{"total":3724,"max_score":4.221171,"hits":[{"_index":"train_data","_type":"train_sample","_id":"03042E450D6W-178797617406","_score":4.221171,"_source":{"id":"03042E450D6W-178797617406","trainNumber":0,"signalName":"@.MWT.M_T2_1.TOF_1.MRV_W_PwmRef1","memoryAddress":"2E450D6W","bits":16,"value":5311,"timeStamp":"2015-09-01T10:00:17.406Z","vcuNumber":304,"runLengthMs":0}}]}}'
    http_version: 
  recorded_at: Tue, 10 Nov 2015 15:54:07 GMT
- request:
    method: post
    uri: http://elastic.search//train_data/_search
    body:
      encoding: UTF-8
      string: '{"query":{"filtered":{"query":{"query_string":{"query":"memoryAddress:2E450CAW"}},"filter":{"bool":{"must":[{"range":{"timeStamp":{"gte":1441101600000,"lte":1441105200000}}}]}}}},"size":1}'
    headers: {}
  response:
    status:
      code: 200
      message: OK
    headers:
      Content-Type:
      - application/json; charset=UTF-8
      - application/json; charset=UTF-8
      Date:
      - Tue, 10 Nov 2015 15:54:07 GMT
      - Tue, 10 Nov 2015 15:54:08 GMT
      Server:
      - fp/25c4c
      - fp/25c4c
      Www-Authenticate:
      - Basic realm=shield
      X-Found-Handling-Cluster:
      - 1c3896668c131013e40bf29fbe4b3148
      - 1c3896668c131013e40bf29fbe4b3148
      X-Found-Handling-Instance:
      - instance-0000000000
      - instance-0000000000
      X-Found-Handling-Server:
      - 10.92.139.117
      - 10.92.139.117
      Content-Length:
      - '345'
      - '460'
      Connection:
      - keep-alive
      - keep-alive
    body:
      encoding: ASCII-8BIT
      string: '{"took":2,"timed_out":false,"_shards":{"total":1,"successful":1,"failed":0},"hits":{"total":3556,"max_score":4.266198,"hits":[{"_index":"train_data","_type":"train_sample","_id":"03042E450CAW-178797650506","_score":4.266198,"_source":{"id":"03042E450CAW-178797650506","trainNumber":0,"signalName":"@.MWT.M_T2_1.TOF_1.MRV_W_TrBrEffRef","memoryAddress":"2E450CAW","bits":16,"value":4315,"timeStamp":"2015-09-01T10:00:50.506Z","vcuNumber":304,"runLengthMs":0}}]}}'
    http_version: 
  recorded_at: Tue, 10 Nov 2015 15:54:08 GMT
- request:
    method: post
    uri: http://elastic.search//train_data/_search
    body:
      encoding: UTF-8
      string: '{"query":{"filtered":{"query":{"query_string":{"query":"memoryAddress:2E464BAW"}},"filter":{"bool":{"must":[{"range":{"timeStamp":{"gte":1441101600000,"lte":1441105200000}}}]}}}},"size":1}'
    headers: {}
  response:
    status:
      code: 200
      message: OK
    headers:
      Content-Type:
      - application/json; charset=UTF-8
      - application/json; charset=UTF-8
      Date:
      - Tue, 10 Nov 2015 15:54:08 GMT
      - Tue, 10 Nov 2015 15:54:08 GMT
      Server:
      - fp/25c4c
      - fp/25c4c
      Www-Authenticate:
      - Basic realm=shield
      X-Found-Handling-Cluster:
      - 1c3896668c131013e40bf29fbe4b3148
      - 1c3896668c131013e40bf29fbe4b3148
      X-Found-Handling-Instance:
      - instance-0000000000
      - instance-0000000000
      X-Found-Handling-Server:
      - 10.92.139.117
      - 10.92.139.117
      Content-Length:
      - '345'
      - '478'
      Connection:
      - keep-alive
      - keep-alive
    body:
      encoding: ASCII-8BIT
      string: '{"took":2,"timed_out":false,"_shards":{"total":1,"successful":1,"failed":0},"hits":{"total":2666,"max_score":4.593949,"hits":[{"_index":"train_data","_type":"train_sample","_id":"03042E464BAW-178797617609","_score":4.593949,"_source":{"id":"03042E464BAW-178797617609","trainNumber":0,"signalName":"@.MWT.CT_CI_T3_1.UCOD4_I_MLC32.CI_BGW_Wp_BcPrsCarBBgA","memoryAddress":"2E464BAW","bits":16,"value":1180,"timeStamp":"2015-09-01T10:00:17.609Z","vcuNumber":304,"runLengthMs":0}}]}}'
    http_version: 
  recorded_at: Tue, 10 Nov 2015 15:54:08 GMT
- request:
    method: post
    uri: http://elastic.search//train_data/_search
    body:
      encoding: UTF-8
      string: '{"query":{"filtered":{"query":{"query_string":{"query":"memoryAddress:2E464BCW"}},"filter":{"bool":{"must":[{"range":{"timeStamp":{"gte":1441101600000,"lte":1441105200000}}}]}}}},"size":1}'
    headers: {}
  response:
    status:
      code: 200
      message: OK
    headers:
      Content-Type:
      - application/json; charset=UTF-8
      - application/json; charset=UTF-8
      Date:
      - Tue, 10 Nov 2015 15:54:08 GMT
      - Tue, 10 Nov 2015 15:54:08 GMT
      Server:
      - fp/25c4c
      - fp/25c4c
      Www-Authenticate:
      - Basic realm=shield
      X-Found-Handling-Cluster:
      - 1c3896668c131013e40bf29fbe4b3148
      - 1c3896668c131013e40bf29fbe4b3148
      X-Found-Handling-Instance:
      - instance-0000000000
      - instance-0000000000
      X-Found-Handling-Server:
      - 10.92.139.117
      - 10.92.139.117
      Content-Length:
      - '345'
      - '481'
      Connection:
      - keep-alive
      - keep-alive
    body:
      encoding: ASCII-8BIT
      string: '{"took":2,"timed_out":false,"_shards":{"total":1,"successful":1,"failed":0},"hits":{"total":2644,"max_score":4.6061163,"hits":[{"_index":"train_data","_type":"train_sample","_id":"03042E464BCW-178797616393","_score":4.6061163,"_source":{"id":"03042E464BCW-178797616393","trainNumber":0,"signalName":"@.MWT.CT_CI_T3_1.UCOD4_I_MLC32.CI_BGW_Wp_BcPrsCarBBgD","memoryAddress":"2E464BCW","bits":16,"value":1150,"timeStamp":"2015-09-01T10:00:16.393Z","vcuNumber":304,"runLengthMs":13}}]}}'
    http_version: 
  recorded_at: Tue, 10 Nov 2015 15:54:08 GMT
- request:
    method: post
    uri: http://elastic.search//train_data/_search
    body:
      encoding: UTF-8
      string: '{"query":{"filtered":{"query":{"query_string":{"query":"memoryAddress:2E491EEW"}},"filter":{"bool":{"must":[{"range":{"timeStamp":{"gte":1441101600000,"lte":1441105200000}}}]}}}},"size":10}'
    headers: {}
  response:
    status:
      code: 200
      message: OK
    headers:
      Content-Type:
      - application/json; charset=UTF-8
      - application/json; charset=UTF-8
      Date:
      - Tue, 10 Nov 2015 15:54:08 GMT
      - Tue, 10 Nov 2015 15:54:08 GMT
      Server:
      - fp/25c4c
      - fp/25c4c
      Www-Authenticate:
      - Basic realm=shield
      X-Found-Handling-Cluster:
      - 1c3896668c131013e40bf29fbe4b3148
      - 1c3896668c131013e40bf29fbe4b3148
      X-Found-Handling-Instance:
      - instance-0000000000
      - instance-0000000000
      X-Found-Handling-Server:
      - 10.92.139.117
      - 10.92.139.117
      Content-Length:
      - '345'
      - '3535'
      Connection:
      - keep-alive
      - keep-alive
    body:
      encoding: ASCII-8BIT
      string: '{"took":3,"timed_out":false,"_shards":{"total":1,"successful":1,"failed":0},"hits":{"total":9766,"max_score":3.5170784,"hits":[{"_index":"train_data","_type":"train_sample","_id":"03042E491EEW-178797649093","_score":3.5170784,"_source":{"id":"03042E491EEW-178797649093","trainNumber":0,"signalName":"@.MWT.M_T3_1.MRV_TrnSpd_1.TON_4.MRV_Xv_Trn","memoryAddress":"2E491EEW","bits":16,"value":7399,"timeStamp":"2015-09-01T10:00:49.093Z","vcuNumber":304,"runLengthMs":0}},{"_index":"train_data","_type":"train_sample","_id":"03042E491EEW-178797649193","_score":3.5170784,"_source":{"id":"03042E491EEW-178797649193","trainNumber":0,"signalName":"@.MWT.M_T3_1.MRV_TrnSpd_1.TON_4.MRV_Xv_Trn","memoryAddress":"2E491EEW","bits":16,"value":7436,"timeStamp":"2015-09-01T10:00:49.193Z","vcuNumber":304,"runLengthMs":0}},{"_index":"train_data","_type":"train_sample","_id":"03042E491EEW-178797660506","_score":3.5170784,"_source":{"id":"03042E491EEW-178797660506","trainNumber":0,"signalName":"@.MWT.M_T3_1.MRV_TrnSpd_1.TON_4.MRV_Xv_Trn","memoryAddress":"2E491EEW","bits":16,"value":7927,"timeStamp":"2015-09-01T10:01:00.506Z","vcuNumber":304,"runLengthMs":0}},{"_index":"train_data","_type":"train_sample","_id":"03042E491EEW-178797660609","_score":3.5170784,"_source":{"id":"03042E491EEW-178797660609","trainNumber":0,"signalName":"@.MWT.M_T3_1.MRV_TrnSpd_1.TON_4.MRV_Xv_Trn","memoryAddress":"2E491EEW","bits":16,"value":7926,"timeStamp":"2015-09-01T10:01:00.609Z","vcuNumber":304,"runLengthMs":100}},{"_index":"train_data","_type":"train_sample","_id":"03042E491EEW-178797660809","_score":3.5170784,"_source":{"id":"03042E491EEW-178797660809","trainNumber":0,"signalName":"@.MWT.M_T3_1.MRV_TrnSpd_1.TON_4.MRV_Xv_Trn","memoryAddress":"2E491EEW","bits":16,"value":7905,"timeStamp":"2015-09-01T10:01:00.809Z","vcuNumber":304,"runLengthMs":0}},{"_index":"train_data","_type":"train_sample","_id":"03042E491EEW-178797661093","_score":3.5170784,"_source":{"id":"03042E491EEW-178797661093","trainNumber":0,"signalName":"@.MWT.M_T3_1.MRV_TrnSpd_1.TON_4.MRV_Xv_Trn","memoryAddress":"2E491EEW","bits":16,"value":7913,"timeStamp":"2015-09-01T10:01:01.093Z","vcuNumber":304,"runLengthMs":0}},{"_index":"train_data","_type":"train_sample","_id":"03042E491EEW-178797661193","_score":3.5170784,"_source":{"id":"03042E491EEW-178797661193","trainNumber":0,"signalName":"@.MWT.M_T3_1.MRV_TrnSpd_1.TON_4.MRV_Xv_Trn","memoryAddress":"2E491EEW","bits":16,"value":7916,"timeStamp":"2015-09-01T10:01:01.193Z","vcuNumber":304,"runLengthMs":100}},{"_index":"train_data","_type":"train_sample","_id":"03042E491EEW-178797661406","_score":3.5170784,"_source":{"id":"03042E491EEW-178797661406","trainNumber":0,"signalName":"@.MWT.M_T3_1.MRV_TrnSpd_1.TON_4.MRV_Xv_Trn","memoryAddress":"2E491EEW","bits":16,"value":7889,"timeStamp":"2015-09-01T10:01:01.406Z","vcuNumber":304,"runLengthMs":203}},{"_index":"train_data","_type":"train_sample","_id":"03042E491EEW-178797661709","_score":3.5170784,"_source":{"id":"03042E491EEW-178797661709","trainNumber":0,"signalName":"@.MWT.M_T3_1.MRV_TrnSpd_1.TON_4.MRV_Xv_Trn","memoryAddress":"2E491EEW","bits":16,"value":7882,"timeStamp":"2015-09-01T10:01:01.709Z","vcuNumber":304,"runLengthMs":0}},{"_index":"train_data","_type":"train_sample","_id":"03042E491EEW-178797661809","_score":3.5170784,"_source":{"id":"03042E491EEW-178797661809","trainNumber":0,"signalName":"@.MWT.M_T3_1.MRV_TrnSpd_1.TON_4.MRV_Xv_Trn","memoryAddress":"2E491EEW","bits":16,"value":7898,"timeStamp":"2015-09-01T10:01:01.809Z","vcuNumber":304,"runLengthMs":0}}]}}'
    http_version: 
  recorded_at: Tue, 10 Nov 2015 15:54:08 GMT
- request:
    method: post
    uri: http://elastic.search//train_data/_search
    body:
      encoding: UTF-8
      string: '{"query":{"filtered":{"query":{"query_string":{"query":"memoryAddress:2E491EEW"}},"filter":{"bool":{"must":[{"range":{"timeStamp":{"gte":1441101600000,"lte":1441105200000}}}]}}}},"size":10}'
    headers: {}
  response:
    status:
      code: 200
      message: OK
    headers:
      Content-Type:
      - application/json; charset=UTF-8
      - application/json; charset=UTF-8
      Date:
      - Tue, 10 Nov 2015 15:54:08 GMT
      - Tue, 10 Nov 2015 15:54:08 GMT
      Server:
      - fp/25c4c
      - fp/25c4c
      Www-Authenticate:
      - Basic realm=shield
      X-Found-Handling-Cluster:
      - 1c3896668c131013e40bf29fbe4b3148
      - 1c3896668c131013e40bf29fbe4b3148
      X-Found-Handling-Instance:
      - instance-0000000000
      - instance-0000000000
      X-Found-Handling-Server:
      - 10.92.139.117
      - 10.92.139.117
      Content-Length:
      - '345'
      - '3535'
      Connection:
      - keep-alive
      - keep-alive
    body:
      encoding: ASCII-8BIT
      string: '{"took":4,"timed_out":false,"_shards":{"total":1,"successful":1,"failed":0},"hits":{"total":9766,"max_score":3.5170784,"hits":[{"_index":"train_data","_type":"train_sample","_id":"03042E491EEW-178797649093","_score":3.5170784,"_source":{"id":"03042E491EEW-178797649093","trainNumber":0,"signalName":"@.MWT.M_T3_1.MRV_TrnSpd_1.TON_4.MRV_Xv_Trn","memoryAddress":"2E491EEW","bits":16,"value":7399,"timeStamp":"2015-09-01T10:00:49.093Z","vcuNumber":304,"runLengthMs":0}},{"_index":"train_data","_type":"train_sample","_id":"03042E491EEW-178797649193","_score":3.5170784,"_source":{"id":"03042E491EEW-178797649193","trainNumber":0,"signalName":"@.MWT.M_T3_1.MRV_TrnSpd_1.TON_4.MRV_Xv_Trn","memoryAddress":"2E491EEW","bits":16,"value":7436,"timeStamp":"2015-09-01T10:00:49.193Z","vcuNumber":304,"runLengthMs":0}},{"_index":"train_data","_type":"train_sample","_id":"03042E491EEW-178797660506","_score":3.5170784,"_source":{"id":"03042E491EEW-178797660506","trainNumber":0,"signalName":"@.MWT.M_T3_1.MRV_TrnSpd_1.TON_4.MRV_Xv_Trn","memoryAddress":"2E491EEW","bits":16,"value":7927,"timeStamp":"2015-09-01T10:01:00.506Z","vcuNumber":304,"runLengthMs":0}},{"_index":"train_data","_type":"train_sample","_id":"03042E491EEW-178797660609","_score":3.5170784,"_source":{"id":"03042E491EEW-178797660609","trainNumber":0,"signalName":"@.MWT.M_T3_1.MRV_TrnSpd_1.TON_4.MRV_Xv_Trn","memoryAddress":"2E491EEW","bits":16,"value":7926,"timeStamp":"2015-09-01T10:01:00.609Z","vcuNumber":304,"runLengthMs":100}},{"_index":"train_data","_type":"train_sample","_id":"03042E491EEW-178797660809","_score":3.5170784,"_source":{"id":"03042E491EEW-178797660809","trainNumber":0,"signalName":"@.MWT.M_T3_1.MRV_TrnSpd_1.TON_4.MRV_Xv_Trn","memoryAddress":"2E491EEW","bits":16,"value":7905,"timeStamp":"2015-09-01T10:01:00.809Z","vcuNumber":304,"runLengthMs":0}},{"_index":"train_data","_type":"train_sample","_id":"03042E491EEW-178797661093","_score":3.5170784,"_source":{"id":"03042E491EEW-178797661093","trainNumber":0,"signalName":"@.MWT.M_T3_1.MRV_TrnSpd_1.TON_4.MRV_Xv_Trn","memoryAddress":"2E491EEW","bits":16,"value":7913,"timeStamp":"2015-09-01T10:01:01.093Z","vcuNumber":304,"runLengthMs":0}},{"_index":"train_data","_type":"train_sample","_id":"03042E491EEW-178797661193","_score":3.5170784,"_source":{"id":"03042E491EEW-178797661193","trainNumber":0,"signalName":"@.MWT.M_T3_1.MRV_TrnSpd_1.TON_4.MRV_Xv_Trn","memoryAddress":"2E491EEW","bits":16,"value":7916,"timeStamp":"2015-09-01T10:01:01.193Z","vcuNumber":304,"runLengthMs":100}},{"_index":"train_data","_type":"train_sample","_id":"03042E491EEW-178797661406","_score":3.5170784,"_source":{"id":"03042E491EEW-178797661406","trainNumber":0,"signalName":"@.MWT.M_T3_1.MRV_TrnSpd_1.TON_4.MRV_Xv_Trn","memoryAddress":"2E491EEW","bits":16,"value":7889,"timeStamp":"2015-09-01T10:01:01.406Z","vcuNumber":304,"runLengthMs":203}},{"_index":"train_data","_type":"train_sample","_id":"03042E491EEW-178797661709","_score":3.5170784,"_source":{"id":"03042E491EEW-178797661709","trainNumber":0,"signalName":"@.MWT.M_T3_1.MRV_TrnSpd_1.TON_4.MRV_Xv_Trn","memoryAddress":"2E491EEW","bits":16,"value":7882,"timeStamp":"2015-09-01T10:01:01.709Z","vcuNumber":304,"runLengthMs":0}},{"_index":"train_data","_type":"train_sample","_id":"03042E491EEW-178797661809","_score":3.5170784,"_source":{"id":"03042E491EEW-178797661809","trainNumber":0,"signalName":"@.MWT.M_T3_1.MRV_TrnSpd_1.TON_4.MRV_Xv_Trn","memoryAddress":"2E491EEW","bits":16,"value":7898,"timeStamp":"2015-09-01T10:01:01.809Z","vcuNumber":304,"runLengthMs":0}}]}}'
    http_version: 
  recorded_at: Tue, 10 Nov 2015 15:54:08 GMT
recorded_with: VCR 2.9.3
